Microchip MPLAB XC8 Compiler V1.41 ()

Linker command line:

-W-3 --edf=/Applications/microchip/xc8/v1.41/dat/en_msgs.txt -cs \
  -h+dist/default/debug/Beethovan.X.debug.sym \
  --cmf=dist/default/debug/Beethovan.X.debug.cmf -z -Q12F683 \
  -o/tmp/xcW06Fo3b -Mdist/default/debug/Beethovan.X.debug.map -E1 -ver=XC8 \
  -ASTACK=0A0h-0bfh -pstack=STACK -ACODE=00h-06FFh -ASTRCODE=00h-06FFh \
  -ASTRING=00h-0FFhx7 -ACONST=00h-0FFhx7 -AENTRY=00h-0FFhx7 \
  -ACOMMON=071h-07Fh -ABANK0=020h-064h -ABANK1=0A0h-0BFh \
  -ARAM=020h-064h,0A0h-0BFh -AABS1=020h-07Fh,0A0h-0BFh -ASFR0=00h-01Fh \
  -ASFR1=080h-09Fh -preset_vec=00h,intentry,init,end_init -ppowerup=CODE \
  -pcinit=CODE -pfunctab=CODE -ACONFIG=02007h-02007h -pconfig=CONFIG \
  -DCONFIG=2 -AIDLOC=02000h-02003h -pidloc=IDLOC -DIDLOC=2 \
  -AEEDATA=00h-0FFh/02100h -peeprom_data=EEDATA -DEEDATA=2 -DCODE=2 \
  -DSTRCODE=2 -DSTRING=2 -DCONST=2 -DENTRY=2 -k /tmp/xcPS1Ijka.obj \
  dist/default/debug/Beethovan.X.debug.obj 

Object code version is 3.11

Machine type is 12F683



                Name                               Link     Load   Length Selector   Space Scale
/tmp/xcPS1Ijka.obj
                end_init                              1        1        1        0       0
                reset_vec                             0        0        1        0       0
                config                             2007     2007        1     400E       0
dist/default/debug/Beethovan.X.debug.obj
                cinit                               6FE      6FE        2      DFC       0
                text9                               29B      29B        F      536       0
                text8                               324      324       59      648       0
                text7                               37D      37D       6C      6FA       0
                text6                               2BC      2BC       20      578       0
                text5                               5F9      5F9      105      BF2       0
                text4                               476      476       B4      8EC       0
                text3                               3E9      3E9       8D      7D2       0
                text2                               2AA      2AA       12      554       0
                text1                               52A      52A       CF      A54       0
                maintext                            2DC      2DC       48      5B8       0
                cstackBANK0                          20       20       45       20       1
                cstackCOMMON                         71       71        D       71       1

TOTAL           Name                               Link     Load   Length     Space
        CLASS   STACK          

        CLASS   CODE           
                end_init                              1        1        1         0
                cinit                               6FE      6FE        2         0
                reset_vec                             0        0        1         0
                text9                               29B      29B        F         0
                text8                               324      324       59         0
                text7                               37D      37D       6C         0
                text6                               2BC      2BC       20         0
                text5                               5F9      5F9      105         0
                text4                               476      476       B4         0
                text3                               3E9      3E9       8D         0
                text2                               2AA      2AA       12         0
                text1                               52A      52A       CF         0
                maintext                            2DC      2DC       48         0

        CLASS   STRCODE        

        CLASS   STRING         

        CLASS   CONST          

        CLASS   ENTRY          

        CLASS   COMMON         
                cstackCOMMON                         71       71        D         1

        CLASS   BANK0          
                cstackBANK0                          20       20       45         1

        CLASS   BANK1          

        CLASS   RAM            

        CLASS   ABS1           
                abs_s1                               7E       7E        2         1

        CLASS   SFR0           

        CLASS   SFR1           

        CLASS   CONFIG         
                config                             2007     2007        1         0

        CLASS   IDLOC          

        CLASS   EEDATA         



SEGMENTS        Name                           Load    Length   Top    Selector   Space  Class     Delta

                reset_vec                      000000  000002  000002         0       0  CODE        2
                cstackBANK0                    000020  000045  000065        20       1  BANK0       1
                cstackCOMMON                   000071  00000D  00007E        71       1  COMMON      1
                text9                          00029B  00000F  0002AA       536       0  CODE        2
                text2                          0002AA  000012  0002BC       554       0  CODE        2
                text6                          0002BC  000020  0002DC       578       0  CODE        2
                maintext                       0002DC  000048  000324       5B8       0  CODE        2
                text8                          000324  000059  00037D       648       0  CODE        2
                text7                          00037D  00006C  0003E9       6FA       0  CODE        2
                text3                          0003E9  00008D  000476       7D2       0  CODE        2
                text4                          000476  0000B4  00052A       8EC       0  CODE        2
                text1                          00052A  0000CF  0005F9       A54       0  CODE        2
                text5                          0005F9  000105  0006FE       BF2       0  CODE        2
                cinit                          0006FE  000002  000700       DFC       0  CODE        2
                config                         002007  000001  002008      400E       0  CONFIG      2


UNUSED ADDRESS RANGES

        Name                Unused          Largest block    Delta
        BANK1            00A0-00BF             20           1
        CODE             0002-029A            299           2
        CONST            0002-029A            100           2
        EEDATA           2100-21FF            100           2
        ENTRY            0002-029A            100           2
        IDLOC            2000-2003              4           2
        RAM              00A0-00BF             20           1
        SFR0             0000-001F             20           1
        SFR1             0080-009F             20           1
        STACK            00A0-00BF             20           1
        STRCODE          0002-029A            299           2
        STRING           0002-029A            100           2

                                  Symbol Table

?___awdiv                cstackCOMMON 0071
?___awtoft               cstackCOMMON 007A
?___ftadd                cstackBANK0  0030
?___ftdiv                cstackBANK0  0020
?___ftpack               cstackCOMMON 0071
?___fttol                cstackBANK0  003D
?___lwtoft               cstackCOMMON 0079
_ADCON0                  (abs)        001F
_ANSEL                   (abs)        009F
_CCP1CON                 (abs)        0015
_CCPR1L                  (abs)        0013
_CMCON0                  (abs)        0019
_GPIO                    (abs)        0005
_OSCCON                  (abs)        008F
_PR2                     (abs)        0092
_T2CON                   (abs)        0012
_TRISIO                  (abs)        0085
_WPU                     (abs)        0095
__CFG_BOREN$OFF          (abs)        0000
__CFG_CP$OFF             (abs)        0000
__CFG_CPD$OFF            (abs)        0000
__CFG_FCMEN$OFF          (abs)        0000
__CFG_FOSC$INTOSCIO      (abs)        0000
__CFG_IESO$OFF           (abs)        0000
__CFG_MCLRE$OFF          (abs)        0000
__CFG_PWRTE$OFF          (abs)        0000
__CFG_WDTE$OFF           (abs)        0000
__Habs1                  abs1         0000
__Hbank0                 bank0        0000
__Hbank1                 bank1        0000
__Hcinit                 cinit        0700
__Hclrtext               clrtext      0000
__Hcode                  code         0000
__Hcommon                common       0000
__Hconfig                config       2008
__HcstackBANK0           cstackBANK0  0000
__HcstackCOMMON          cstackCOMMON 0000
__Heeprom_data           eeprom_data  0000
__Hend_init              end_init     0002
__Hfunctab               functab      0000
__Hidloc                 idloc        0000
__Hinit                  init         0001
__Hintentry              intentry     0001
__Hmaintext              maintext     0000
__Hpowerup               powerup      0000
__Hram                   ram          0000
__Hreset_vec             reset_vec    0001
__Hsfr0                  sfr0         0000
__Hsfr1                  sfr1         0000
__Hspace_0               (abs)        2008
__Hspace_1               (abs)        007E
__Hspace_2               (abs)        0000
__Hspace_3               (abs)        0000
__Hstack                 stack        0000
__Hstrings               strings      0000
__Htext                  text         0000
__Labs1                  abs1         0000
__Lbank0                 bank0        0000
__Lbank1                 bank1        0000
__Lcinit                 cinit        06FE
__Lclrtext               clrtext      0000
__Lcode                  code         0000
__Lcommon                common       0000
__Lconfig                config       2007
__LcstackBANK0           cstackBANK0  0000
__LcstackCOMMON          cstackCOMMON 0000
__Leeprom_data           eeprom_data  0000
__Lend_init              end_init     0001
__Lfunctab               functab      0000
__Lidloc                 idloc        0000
__Linit                  init         0001
__Lintentry              intentry     0001
__Lmaintext              maintext     0000
__Lpowerup               powerup      0000
__Lram                   ram          0000
__Lreset_vec             reset_vec    0000
__Lsfr0                  sfr0         0000
__Lsfr1                  sfr1         0000
__Lspace_0               (abs)        0000
__Lspace_1               (abs)        0000
__Lspace_2               (abs)        0000
__Lspace_3               (abs)        0000
__Lstack                 stack        0000
__Lstrings               strings      0000
__Ltext                  text         0000
__S0                     (abs)        2008
__S1                     (abs)        007E
__S2                     (abs)        0000
__S3                     (abs)        0000
___awdiv                 text8        0324
___awdiv@counter         cstackCOMMON 0076
___awdiv@dividend        cstackCOMMON 0073
___awdiv@divisor         cstackCOMMON 0071
___awdiv@quotient        cstackCOMMON 0078
___awdiv@sign            cstackCOMMON 0077
___awtoft                text6        02BC
___awtoft@c              cstackCOMMON 007A
___awtoft@sign           cstackCOMMON 007D
___ftadd                 text5        05F9
___ftadd@exp1            cstackBANK0  003C
___ftadd@exp2            cstackBANK0  003B
___ftadd@f1              cstackBANK0  0030
___ftadd@f2              cstackBANK0  0033
___ftadd@sign            cstackBANK0  003A
___ftdiv                 text4        0476
___ftdiv@cntr            cstackBANK0  002A
___ftdiv@exp             cstackBANK0  002E
___ftdiv@f1              cstackBANK0  0023
___ftdiv@f2              cstackBANK0  0020
___ftdiv@f3              cstackBANK0  002B
___ftdiv@sign            cstackBANK0  002F
___ftpack                text7        037D
___ftpack@arg            cstackCOMMON 0071
___ftpack@exp            cstackCOMMON 0074
___ftpack@sign           cstackCOMMON 0075
___fttol                 text3        03E9
___fttol@exp1            cstackBANK0  004A
___fttol@f1              cstackBANK0  003D
___fttol@lval            cstackBANK0  0046
___fttol@sign1           cstackBANK0  0045
___int_sp                stack        0000
___latbits               (abs)        0000
___lwtoft                text2        02AA
___lwtoft@c              cstackCOMMON 0079
___sp                    stack        0000
__end_of___awdiv         text8        037D
__end_of___awtoft        text6        02DC
__end_of___ftadd         text5        06FE
__end_of___ftdiv         text4        052A
__end_of___ftpack        text7        03E9
__end_of___fttol         text3        0476
__end_of___lwtoft        text2        02BC
__end_of__initialization cinit        06FE
__end_of_init            text9        02AA
__end_of_main            maintext     0324
__end_of_pwmGenerator    text1        05F9
__initialization         cinit        06FE
__pcstackBANK0           cstackBANK0  0020
__pcstackCOMMON          cstackCOMMON 0071
__pmaintext              maintext     02DC
__ptext1                 text1        052A
__ptext2                 text2        02AA
__ptext3                 text3        03E9
__ptext4                 text4        0476
__ptext5                 text5        05F9
__ptext6                 text6        02BC
__ptext7                 text7        037D
__ptext8                 text8        0324
__ptext9                 text9        029B
__size_of___awdiv        (abs)        0000
__size_of___awtoft       (abs)        0000
__size_of___ftadd        (abs)        0000
__size_of___ftdiv        (abs)        0000
__size_of___ftpack       (abs)        0000
__size_of___fttol        (abs)        0000
__size_of___lwtoft       (abs)        0000
__size_of_init           (abs)        0000
__size_of_main           (abs)        0000
__size_of_pwmGenerator   (abs)        0000
_init                    text9        029B
_main                    maintext     02DC
_pwmGenerator            text1        052A
_pwmGenerator$439        cstackBANK0  0053
_pwmGenerator$440        cstackBANK0  0056
btemp                    (abs)        007E
end_of_initialization    cinit        06FE
intlevel0                functab      0000
intlevel1                functab      0000
intlevel2                functab      0000
intlevel3                functab      0000
intlevel4                functab      0000
intlevel5                functab      0000
main@i                   cstackBANK0  0063
pwmGenerator@freq        cstackBANK0  004B
pwmGenerator@i           cstackBANK0  005E
pwmGenerator@period      cstackBANK0  0050
pwmGenerator@pr2         cstackBANK0  005C
pwmGenerator@prescalar   cstackBANK0  004F
pwmGenerator@tosc        cstackBANK0  0059
reset_vec                reset_vec    0000
stackhi                  (abs)        0000
stacklo                  (abs)        0000
start                    init         0001
start_initialization     cinit        06FE
wtemp0                   (abs)        007E


FUNCTION INFORMATION:

 *************** function _main *****************
 Defined at:
		line 30 in file "main.c"
 Parameters:    Size  Location     Type
		None
 Auto vars:     Size  Location     Type
  i               2   67[BANK0 ] int 
 Return value:  Size  Location     Type
                  1    wreg      void 
 Registers used:
		wreg, fsr0l, fsr0h, status,2, status,0, btemp+1, pclath, cstack
 Tracked objects:
		On entry : 
		On exit  : 
		Unchanged: 
 Data sizes:     COMMON   BANK0   BANK1
      Params:         0       0       0
      Locals:         0       2       0
      Temps:          0       3       0
      Totals:         0       5       0
Total ram usage:        5 bytes
 Hardware stack levels required when called:    3
 This function calls:
		_init
		_pwmGenerator
 This function is called by:
		Startup code after reset
 This function uses a non-reentrant model


 *************** function _pwmGenerator *****************
 Defined at:
		line 68 in file "main.c"
 Parameters:    Size  Location     Type
  freq            2   43[BANK0 ] int 
 Auto vars:     Size  Location     Type
  tosc            3   57[BANK0 ] float 
  period          3   48[BANK0 ] float 
  i               2   62[BANK0 ] unsigned int 
  pr2             2   60[BANK0 ] unsigned int 
  prescalar       1   47[BANK0 ] unsigned char 
 Return value:  Size  Location     Type
                  2   43[BANK0 ] int 
 Registers used:
		wreg, fsr0l, fsr0h, status,2, status,0, pclath, cstack
 Tracked objects:
		On entry : 
		On exit  : 
		Unchanged: 
 Data sizes:     COMMON   BANK0   BANK1
      Params:         0       2       0
      Locals:         0      17       0
      Temps:          0       2       0
      Totals:         0      21       0
Total ram usage:       21 bytes
 Hardware stack levels used:    1
 Hardware stack levels required when called:    2
 This function calls:
		___awdiv
		___awtoft
		___ftadd
		___ftdiv
		___fttol
		___lwtoft
 This function is called by:
		_main
 This function uses a non-reentrant model


 *************** function ___lwtoft *****************
 Defined at:
		line 28 in file "/Applications/microchip/xc8/v1.41/sources/common/lwtoft.c"
 Parameters:    Size  Location     Type
  c               2    8[COMMON] unsigned int 
 Auto vars:     Size  Location     Type
		None
 Return value:  Size  Location     Type
                  3    8[COMMON] float 
 Registers used:
		wreg, status,2, status,0, pclath, cstack
 Tracked objects:
		On entry : 
		On exit  : 
		Unchanged: 
 Data sizes:     COMMON   BANK0   BANK1
      Params:         3       0       0
      Locals:         0       0       0
      Temps:          1       0       0
      Totals:         4       0       0
Total ram usage:        4 bytes
 Hardware stack levels used:    1
 Hardware stack levels required when called:    1
 This function calls:
		___ftpack
 This function is called by:
		_pwmGenerator
 This function uses a non-reentrant model


 *************** function ___fttol *****************
 Defined at:
		line 44 in file "/Applications/microchip/xc8/v1.41/sources/common/fttol.c"
 Parameters:    Size  Location     Type
  f1              3   29[BANK0 ] float 
 Auto vars:     Size  Location     Type
  lval            4   38[BANK0 ] unsigned long 
  exp1            1   42[BANK0 ] unsigned char 
  sign1           1   37[BANK0 ] unsigned char 
 Return value:  Size  Location     Type
                  4   29[BANK0 ] long 
 Registers used:
		wreg, status,2, status,0
 Tracked objects:
		On entry : 
		On exit  : 
		Unchanged: 
 Data sizes:     COMMON   BANK0   BANK1
      Params:         0       4       0
      Locals:         0       6       0
      Temps:          0       4       0
      Totals:         0      14       0
Total ram usage:       14 bytes
 Hardware stack levels used:    1
 This function calls:
		Nothing
 This function is called by:
		_pwmGenerator
 This function uses a non-reentrant model


 *************** function ___ftdiv *****************
 Defined at:
		line 56 in file "/Applications/microchip/xc8/v1.41/sources/common/ftdiv.c"
 Parameters:    Size  Location     Type
  f2              3    0[BANK0 ] float 
  f1              3    3[BANK0 ] float 
 Auto vars:     Size  Location     Type
  f3              3   11[BANK0 ] float 
  sign            1   15[BANK0 ] unsigned char 
  exp             1   14[BANK0 ] unsigned char 
  cntr            1   10[BANK0 ] unsigned char 
 Return value:  Size  Location     Type
                  3    0[BANK0 ] float 
 Registers used:
		wreg, status,2, status,0, pclath, cstack
 Tracked objects:
		On entry : 
		On exit  : 
		Unchanged: 
 Data sizes:     COMMON   BANK0   BANK1
      Params:         0       6       0
      Locals:         0       6       0
      Temps:          0       4       0
      Totals:         0      16       0
Total ram usage:       16 bytes
 Hardware stack levels used:    1
 Hardware stack levels required when called:    1
 This function calls:
		___ftpack
 This function is called by:
		_pwmGenerator
 This function uses a non-reentrant model


 *************** function ___ftadd *****************
 Defined at:
		line 86 in file "/Applications/microchip/xc8/v1.41/sources/common/ftadd.c"
 Parameters:    Size  Location     Type
  f1              3   16[BANK0 ] float 
  f2              3   19[BANK0 ] float 
 Auto vars:     Size  Location     Type
  exp1            1   28[BANK0 ] unsigned char 
  exp2            1   27[BANK0 ] unsigned char 
  sign            1   26[BANK0 ] unsigned char 
 Return value:  Size  Location     Type
                  3   16[BANK0 ] float 
 Registers used:
		wreg, status,2, status,0, pclath, cstack
 Tracked objects:
		On entry : 
		On exit  : 
		Unchanged: 
 Data sizes:     COMMON   BANK0   BANK1
      Params:         0       6       0
      Locals:         0       3       0
      Temps:          0       4       0
      Totals:         0      13       0
Total ram usage:       13 bytes
 Hardware stack levels used:    1
 Hardware stack levels required when called:    1
 This function calls:
		___ftpack
 This function is called by:
		_pwmGenerator
 This function uses a non-reentrant model


 *************** function ___awtoft *****************
 Defined at:
		line 32 in file "/Applications/microchip/xc8/v1.41/sources/common/awtoft.c"
 Parameters:    Size  Location     Type
  c               2    9[COMMON] int 
 Auto vars:     Size  Location     Type
  sign            1   12[COMMON] unsigned char 
 Return value:  Size  Location     Type
                  3    9[COMMON] float 
 Registers used:
		wreg, status,2, status,0, pclath, cstack
 Tracked objects:
		On entry : 
		On exit  : 
		Unchanged: 
 Data sizes:     COMMON   BANK0   BANK1
      Params:         3       0       0
      Locals:         1       0       0
      Temps:          0       2       0
      Totals:         4       2       0
Total ram usage:        6 bytes
 Hardware stack levels used:    1
 Hardware stack levels required when called:    1
 This function calls:
		___ftpack
 This function is called by:
		_pwmGenerator
 This function uses a non-reentrant model


 *************** function ___ftpack *****************
 Defined at:
		line 62 in file "/Applications/microchip/xc8/v1.41/sources/common/float.c"
 Parameters:    Size  Location     Type
  arg             3    0[COMMON] unsigned um
  exp             1    3[COMMON] unsigned char 
  sign            1    4[COMMON] unsigned char 
 Auto vars:     Size  Location     Type
		None
 Return value:  Size  Location     Type
                  3    0[COMMON] float 
 Registers used:
		wreg, status,2, status,0
 Tracked objects:
		On entry : 
		On exit  : 
		Unchanged: 
 Data sizes:     COMMON   BANK0   BANK1
      Params:         5       0       0
      Locals:         0       0       0
      Temps:          3       0       0
      Totals:         8       0       0
Total ram usage:        8 bytes
 Hardware stack levels used:    1
 This function calls:
		Nothing
 This function is called by:
		___awtoft
		___ftadd
		___ftdiv
		___lwtoft
 This function uses a non-reentrant model


 *************** function ___awdiv *****************
 Defined at:
		line 6 in file "/Applications/microchip/xc8/v1.41/sources/common/awdiv.c"
 Parameters:    Size  Location     Type
  divisor         2    0[COMMON] int 
  dividend        2    2[COMMON] int 
 Auto vars:     Size  Location     Type
  quotient        2    7[COMMON] int 
  sign            1    6[COMMON] unsigned char 
  counter         1    5[COMMON] unsigned char 
 Return value:  Size  Location     Type
                  2    0[COMMON] int 
 Registers used:
		wreg, status,2, status,0
 Tracked objects:
		On entry : 
		On exit  : 
		Unchanged: 
 Data sizes:     COMMON   BANK0   BANK1
      Params:         4       0       0
      Locals:         4       0       0
      Temps:          1       0       0
      Totals:         9       0       0
Total ram usage:        9 bytes
 Hardware stack levels used:    1
 This function calls:
		Nothing
 This function is called by:
		_pwmGenerator
 This function uses a non-reentrant model


 *************** function _init *****************
 Defined at:
		line 55 in file "main.c"
 Parameters:    Size  Location     Type
		None
 Auto vars:     Size  Location     Type
		None
 Return value:  Size  Location     Type
                  1    wreg      void 
 Registers used:
		wreg, status,2
 Tracked objects:
		On entry : 
		On exit  : 
		Unchanged: 
 Data sizes:     COMMON   BANK0   BANK1
      Params:         0       0       0
      Locals:         0       0       0
      Temps:          0       0       0
      Totals:         0       0       0
Total ram usage:        0 bytes
 Hardware stack levels used:    1
 This function calls:
		Nothing
 This function is called by:
		_main
 This function uses a non-reentrant model



MODULE INFORMATION

Module		Function		Class		Link	Load	Size
/Applications/microchip/xc8/v1.41/sources/common/float.c
		___ftpack      		CODE           	037D	0000	109

/Applications/microchip/xc8/v1.41/sources/common/float.c estimated size: 109

/Applications/microchip/xc8/v1.41/sources/common/ftdiv.c
		___ftdiv       		CODE           	0476	0000	181

/Applications/microchip/xc8/v1.41/sources/common/ftdiv.c estimated size: 181

shared
		__initialization		CODE           	06FE	0000	1

shared estimated size: 1

/Applications/microchip/xc8/v1.41/sources/common/awdiv.c
		___awdiv       		CODE           	0324	0000	90

/Applications/microchip/xc8/v1.41/sources/common/awdiv.c estimated size: 90

/Applications/microchip/xc8/v1.41/sources/common/awtoft.c
		___awtoft      		CODE           	02BC	0000	33

/Applications/microchip/xc8/v1.41/sources/common/awtoft.c estimated size: 33

/Applications/microchip/xc8/v1.41/sources/common/fttol.c
		___fttol       		CODE           	03E9	0000	142

/Applications/microchip/xc8/v1.41/sources/common/fttol.c estimated size: 142

main.c
		_init          		CODE           	029B	0000	16
		_main          		CODE           	02DC	0000	73
		_pwmGenerator  		CODE           	052A	0000	208

main.c estimated size: 297

/Applications/microchip/xc8/v1.41/sources/common/ftadd.c
		___ftadd       		CODE           	05F9	0000	262

/Applications/microchip/xc8/v1.41/sources/common/ftadd.c estimated size: 262

/Applications/microchip/xc8/v1.41/sources/common/lwtoft.c
		___lwtoft      		CODE           	02AA	0000	19

/Applications/microchip/xc8/v1.41/sources/common/lwtoft.c estimated size: 19

