Microchip MPLAB XC8 Compiler V1.41 ()

Linker command line:

-W-3 --edf=/Applications/microchip/xc8/v1.41/dat/en_msgs.txt -cs \
  -h+dist/default/production/Beethovan.X.production.sym \
  --cmf=dist/default/production/Beethovan.X.production.cmf -z -Q12F683 \
  -o/tmp/xcgPen1O0 -Mdist/default/production/Beethovan.X.production.map -E1 \
  -ver=XC8 -ASTACK=0B4h-0bfh -pstack=STACK -ACODE=00h-07FFh \
  -ASTRCODE=00h-07FFh -ASTRING=00h-0FFhx8 -ACONST=00h-0FFhx8 \
  -AENTRY=00h-0FFhx8 -ACOMMON=070h-07Fh -ABANK0=020h-06Fh -ABANK1=0A0h-0BFh \
  -ARAM=020h-06Fh,0A0h-0BFh -AABS1=020h-07Fh,0A0h-0BFh -ASFR0=00h-01Fh \
  -ASFR1=080h-09Fh -preset_vec=00h,intentry,init,end_init -ppowerup=CODE \
  -pcinit=CODE -pfunctab=CODE -ACONFIG=02007h-02007h -pconfig=CONFIG \
  -DCONFIG=2 -AIDLOC=02000h-02003h -pidloc=IDLOC -DIDLOC=2 \
  -AEEDATA=00h-0FFh/02100h -peeprom_data=EEDATA -DEEDATA=2 -DCODE=2 \
  -DSTRCODE=2 -DSTRING=2 -DCONST=2 -DENTRY=2 -k /tmp/xcUEDuupy.obj \
  dist/default/production/Beethovan.X.production.obj 

Object code version is 3.11

Machine type is 12F683



                Name                               Link     Load   Length Selector   Space Scale
/tmp/xcUEDuupy.obj
                end_init                              0        0        1        0       0
                config                             2007     2007        1     400E       0
dist/default/production/Beethovan.X.production.obj
                cinit                               7FC      7FC        4      FF8       0
                text10                              27A      27A       6C      4F4       0
                text9                               212      212       12      424       0
                text8                               259      259       21      4B2       0
                text7                               224      224       16      448       0
                text6                               23A      23A       1F      474       0
                text5                               572      572      105      AE4       0
                text4                               3EF      3EF       B4      7DE       0
                text3                               4A3      4A3       CF      946       0
                text2                               362      362       8D      6C4       0
                text1                               677      677      185      CEE       0
                maintext                            2E6      2E6       7C      5CC       0
                cstackBANK0                          20       20       49       20       1
                cstackCOMMON                         70       70        E       70       1
                cstackBANK1                          A0       A0       14       A0       1
                bitbssBANK0                         348       69        3       20       1     8

TOTAL           Name                               Link     Load   Length     Space
        CLASS   STACK          

        CLASS   CODE           
                end_init                              0        0        1         0
                cinit                               7FC      7FC        4         0
                text10                              27A      27A       6C         0
                text9                               212      212       12         0
                text8                               259      259       21         0
                text7                               224      224       16         0
                text6                               23A      23A       1F         0
                text5                               572      572      105         0
                text4                               3EF      3EF       B4         0
                text3                               4A3      4A3       CF         0
                text2                               362      362       8D         0
                text1                               677      677      185         0
                maintext                            2E6      2E6       7C         0

        CLASS   STRCODE        

        CLASS   STRING         

        CLASS   CONST          

        CLASS   ENTRY          

        CLASS   COMMON         
                cstackCOMMON                         70       70        E         1

        CLASS   BANK0          
                cstackBANK0                          20       20       49         1
                bitbssBANK0                         348       69        3         1

        CLASS   BANK1          
                cstackBANK1                          A0       A0       14         1

        CLASS   RAM            

        CLASS   ABS1           
                abs_s1                               7E       7E        2         1

        CLASS   SFR0           

        CLASS   SFR1           

        CLASS   CONFIG         
                config                             2007     2007        1         0

        CLASS   IDLOC          

        CLASS   EEDATA         



SEGMENTS        Name                           Load    Length   Top    Selector   Space  Class     Delta

                reset_vec                      000000  000001  000001         0       0  CODE        2
                cstackBANK0                    000020  00004A  00006A        20       1  BANK0       1
                cstackCOMMON                   000070  00000E  00007E        70       1  COMMON      1
                cstackBANK1                    0000A0  000014  0000B4        A0       1  BANK1       1
                text9                          000212  000012  000224       424       0  CODE        2
                text7                          000224  000016  00023A       448       0  CODE        2
                text6                          00023A  00001F  000259       474       0  CODE        2
                text8                          000259  000021  00027A       4B2       0  CODE        2
                text10                         00027A  00006C  0002E6       4F4       0  CODE        2
                maintext                       0002E6  00007C  000362       5CC       0  CODE        2
                text2                          000362  00008D  0003EF       6C4       0  CODE        2
                text4                          0003EF  0000B4  0004A3       7DE       0  CODE        2
                text3                          0004A3  0000CF  000572       946       0  CODE        2
                text5                          000572  000105  000677       AE4       0  CODE        2
                text1                          000677  000185  0007FC       CEE       0  CODE        2
                cinit                          0007FC  000004  000800       FF8       0  CODE        2
                config                         002007  000001  002008      400E       0  CONFIG      2


UNUSED ADDRESS RANGES

        Name                Unused          Largest block    Delta
        BANK0            006A-006F              6           1
        BANK1            00B4-00BF              C           1
        CODE             0001-0211            211           2
        CONST            0001-0211            100           2
        EEDATA           2100-21FF            100           2
        ENTRY            0001-0211            100           2
        IDLOC            2000-2003              4           2
        RAM              006A-006F              6           1
                         00B4-00BF              C
        SFR0             0000-001F             20           1
        SFR1             0080-009F             20           1
        STACK            00B4-00BF              C           1
        STRCODE          0001-0211            211           2
        STRING           0001-0211            100           2

                                  Symbol Table

?___awtoft               cstackCOMMON 0078
?___ftadd                cstackBANK0  0040
?___ftdiv                cstackBANK0  0030
?___ftmul                cstackBANK0  0020
?___ftpack               cstackCOMMON 0070
?___fttol                cstackBANK0  004D
?___lwtoft               cstackCOMMON 0078
?___wmul                 cstackCOMMON 0070
_ADCON0                  (abs)        001F
_ANSEL                   (abs)        009F
_CCP1CON                 (abs)        0015
_CCPR1L                  (abs)        0013
_CMCON0                  (abs)        0019
_GPIO                    (abs)        0005
_OSCCON                  (abs)        008F
_PR2                     (abs)        0092
_T1CON                   (abs)        0010
_T1GSS                   (abs)        00D1
_T2CON                   (abs)        0012
_TMR1H                   (abs)        000F
_TMR1L                   (abs)        000E
_TRISIO                  (abs)        0085
_WPU                     (abs)        0095
__CFG_BOREN$OFF          (abs)        0000
__CFG_CP$OFF             (abs)        0000
__CFG_CPD$OFF            (abs)        0000
__CFG_FCMEN$OFF          (abs)        0000
__CFG_FOSC$INTOSCIO      (abs)        0000
__CFG_IESO$OFF           (abs)        0000
__CFG_MCLRE$OFF          (abs)        0000
__CFG_PWRTE$OFF          (abs)        0000
__CFG_WDTE$OFF           (abs)        0000
__Habs1                  abs1         0000
__Hbank0                 bank0        0000
__Hbank1                 bank1        0000
__HbitbssBANK0           bitbssBANK0  0000
__Hcinit                 cinit        0800
__Hclrtext               clrtext      0000
__Hcode                  code         0000
__Hcommon                common       0000
__Hconfig                config       2008
__HcstackBANK0           cstackBANK0  0000
__HcstackBANK1           cstackBANK1  0000
__HcstackCOMMON          cstackCOMMON 0000
__Heeprom_data           eeprom_data  0000
__Hend_init              end_init     0001
__Hfunctab               functab      0000
__Hidloc                 idloc        0000
__Hinit                  init         0000
__Hintentry              intentry     0000
__Hmaintext              maintext     0000
__Hpowerup               powerup      0000
__Hram                   ram          0000
__Hreset_vec             reset_vec    0000
__Hsfr0                  sfr0         0000
__Hsfr1                  sfr1         0000
__Hspace_0               (abs)        2008
__Hspace_1               (abs)        034B
__Hspace_2               (abs)        0000
__Hspace_3               (abs)        0000
__Hstack                 stack        0000
__Hstrings               strings      0000
__Htext                  text         0000
__Labs1                  abs1         0000
__Lbank0                 bank0        0000
__Lbank1                 bank1        0000
__LbitbssBANK0           bitbssBANK0  0000
__Lcinit                 cinit        07FC
__Lclrtext               clrtext      0000
__Lcode                  code         0000
__Lcommon                common       0000
__Lconfig                config       2007
__LcstackBANK0           cstackBANK0  0000
__LcstackBANK1           cstackBANK1  0000
__LcstackCOMMON          cstackCOMMON 0000
__Leeprom_data           eeprom_data  0000
__Lend_init              end_init     0000
__Lfunctab               functab      0000
__Lidloc                 idloc        0000
__Linit                  init         0000
__Lintentry              intentry     0000
__Lmaintext              maintext     0000
__Lpowerup               powerup      0000
__Lram                   ram          0000
__Lreset_vec             reset_vec    0000
__Lsfr0                  sfr0         0000
__Lsfr1                  sfr1         0000
__Lspace_0               (abs)        0000
__Lspace_1               (abs)        0000
__Lspace_2               (abs)        0000
__Lspace_3               (abs)        0000
__Lstack                 stack        0000
__Lstrings               strings      0000
__Ltext                  text         0000
__S0                     (abs)        2008
__S1                     (abs)        00B4
__S2                     (abs)        0000
__S3                     (abs)        0000
___awtoft                text6        023A
___awtoft@c              cstackCOMMON 0078
___awtoft@sign           cstackCOMMON 007D
___ftadd                 text5        0572
___ftadd@exp1            cstackBANK0  004C
___ftadd@exp2            cstackBANK0  004B
___ftadd@f1              cstackBANK0  0040
___ftadd@f2              cstackBANK0  0043
___ftadd@sign            cstackBANK0  004A
___ftdiv                 text4        03EF
___ftdiv@cntr            cstackBANK0  003A
___ftdiv@exp             cstackBANK0  003E
___ftdiv@f1              cstackBANK0  0033
___ftdiv@f2              cstackBANK0  0030
___ftdiv@f3              cstackBANK0  003B
___ftdiv@sign            cstackBANK0  003F
___ftmul                 text3        04A3
___ftmul@cntr            cstackBANK0  002E
___ftmul@exp             cstackBANK0  002A
___ftmul@f1              cstackBANK0  0020
___ftmul@f2              cstackBANK0  0023
___ftmul@f3_as_product   cstackBANK0  002B
___ftmul@sign            cstackBANK0  002F
___ftpack                text10       027A
___ftpack@arg            cstackCOMMON 0070
___ftpack@exp            cstackCOMMON 0073
___ftpack@sign           cstackCOMMON 0074
___fttol                 text2        0362
___fttol@exp1            cstackBANK0  005A
___fttol@f1              cstackBANK0  004D
___fttol@lval            cstackBANK0  0056
___fttol@sign1           cstackBANK0  0055
___int_sp                stack        0000
___latbits               (abs)        0000
___lwtoft                text9        0212
___lwtoft@c              cstackCOMMON 0078
___sp                    stack        0000
___wmul                  text8        0259
___wmul@multiplicand     cstackCOMMON 0072
___wmul@multiplier       cstackCOMMON 0070
___wmul@product          cstackCOMMON 0074
__end_of___awtoft        text6        0259
__end_of___ftadd         text5        0677
__end_of___ftdiv         text4        04A3
__end_of___ftmul         text3        0572
__end_of___ftpack        text10       02E6
__end_of___fttol         text2        03EF
__end_of___lwtoft        text9        0224
__end_of___wmul          text8        027A
__end_of__initialization cinit        07FE
__end_of_init            text7        023A
__end_of_main            maintext     0362
__end_of_pwmGenerator    text1        07FC
__initialization         cinit        07FC
__pbitbssBANK0           bitbssBANK0  0348
__pcstackBANK0           cstackBANK0  0020
__pcstackBANK1           cstackBANK1  00A0
__pcstackCOMMON          cstackCOMMON 0070
__pmaintext              maintext     02E6
__ptext1                 text1        0677
__ptext10                text10       027A
__ptext2                 text2        0362
__ptext3                 text3        04A3
__ptext4                 text4        03EF
__ptext5                 text5        0572
__ptext6                 text6        023A
__ptext7                 text7        0224
__ptext8                 text8        0259
__ptext9                 text9        0212
__size_of___awtoft       (abs)        0000
__size_of___ftadd        (abs)        0000
__size_of___ftdiv        (abs)        0000
__size_of___ftmul        (abs)        0000
__size_of___ftpack       (abs)        0000
__size_of___fttol        (abs)        0000
__size_of___lwtoft       (abs)        0000
__size_of___wmul         (abs)        0000
__size_of_init           (abs)        0000
__size_of_main           (abs)        0000
__size_of_pwmGenerator   (abs)        0000
_init                    text7        0224
_main                    maintext     02E6
_pwmGenerator            text1        0677
_pwmGenerator$449        cstackBANK1  00AB
btemp                    (abs)        007E
end_of_initialization    cinit        07FE
intlevel0                functab      0000
intlevel1                functab      0000
intlevel2                functab      0000
intlevel3                functab      0000
intlevel4                functab      0000
intlevel5                functab      0000
main@dist                cstackBANK0  0065
main@got_dist            bitbssBANK0  0349
main@pulse_width         cstackBANK0  0067
main@t1gp_high           bitbssBANK0  034A
main@trig                bitbssBANK0  0348
pwmGenerator@ccp         cstackBANK1  00AE
pwmGenerator@duty        cstackBANK1  00A3
pwmGenerator@freq        cstackBANK0  005B
pwmGenerator@lsb         cstackBANK1  00A9
pwmGenerator@period      cstackBANK1  00A0
pwmGenerator@pr2         cstackBANK1  00B0
pwmGenerator@scaler      cstackBANK1  00B2
pwmGenerator@tosc        cstackBANK1  00A6
reset_vec                reset_vec    0000
stackhi                  (abs)        0000
stacklo                  (abs)        0000
start                    init         0000
start_initialization     cinit        07FC
wtemp0                   (abs)        007E


FUNCTION INFORMATION:

 *************** function _main *****************
 Defined at:
		line 36 in file "main.c"
 Parameters:    Size  Location     Type
		None
 Auto vars:     Size  Location     Type
  pulse_width     2   71[BANK0 ] unsigned int 
  dist            2   69[BANK0 ] unsigned int 
 Return value:  Size  Location     Type
                  1    wreg      void 
 Registers used:
		wreg, fsr0l, fsr0h, status,2, status,0, btemp+1, pclath, cstack
 Tracked objects:
		On entry : 
		On exit  : 
		Unchanged: 
 Data sizes:     COMMON   BANK0   BANK1
      Params:         0       0       0
      Locals:         0       4       0
      Temps:          0       6       0
      Totals:         0      10       0
Total ram usage:       10 bytes
 Hardware stack levels required when called:    3
 This function calls:
		___ftdiv
		___fttol
		___lwtoft
		___wmul
		_init
		_pwmGenerator
 This function is called by:
		Startup code after reset
 This function uses a non-reentrant model


 *************** function _pwmGenerator *****************
 Defined at:
		line 120 in file "main.c"
 Parameters:    Size  Location     Type
  freq            2   59[BANK0 ] int 
 Auto vars:     Size  Location     Type
  lsb             2    9[BANK1 ] int 
  tosc            3    6[BANK1 ] float 
  duty            3    3[BANK1 ] float 
  period          3    0[BANK1 ] float 
  scaler          2   18[BANK1 ] int 
  pr2             2   16[BANK1 ] int 
  ccp             2   14[BANK1 ] int 
 Return value:  Size  Location     Type
                  2   59[BANK0 ] int 
 Registers used:
		wreg, fsr0l, fsr0h, status,2, status,0, btemp+1, pclath, cstack
 Tracked objects:
		On entry : 
		On exit  : 
		Unchanged: 
 Data sizes:     COMMON   BANK0   BANK1
      Params:         0       2       0
      Locals:         0       0      20
      Temps:          0       2       0
      Totals:         0       4      20
Total ram usage:       24 bytes
 Hardware stack levels used:    1
 Hardware stack levels required when called:    2
 This function calls:
		___awtoft
		___ftadd
		___ftdiv
		___ftmul
		___fttol
 This function is called by:
		_main
 This function uses a non-reentrant model


 *************** function ___fttol *****************
 Defined at:
		line 44 in file "/Applications/microchip/xc8/v1.41/sources/common/fttol.c"
 Parameters:    Size  Location     Type
  f1              3   45[BANK0 ] float 
 Auto vars:     Size  Location     Type
  lval            4   54[BANK0 ] unsigned long 
  exp1            1   58[BANK0 ] unsigned char 
  sign1           1   53[BANK0 ] unsigned char 
 Return value:  Size  Location     Type
                  4   45[BANK0 ] long 
 Registers used:
		wreg, status,2, status,0
 Tracked objects:
		On entry : 
		On exit  : 
		Unchanged: 
 Data sizes:     COMMON   BANK0   BANK1
      Params:         0       4       0
      Locals:         0       6       0
      Temps:          0       4       0
      Totals:         0      14       0
Total ram usage:       14 bytes
 Hardware stack levels used:    1
 This function calls:
		Nothing
 This function is called by:
		_main
		_pwmGenerator
 This function uses a non-reentrant model


 *************** function ___ftmul *****************
 Defined at:
		line 62 in file "/Applications/microchip/xc8/v1.41/sources/common/ftmul.c"
 Parameters:    Size  Location     Type
  f1              3    0[BANK0 ] float 
  f2              3    3[BANK0 ] float 
 Auto vars:     Size  Location     Type
  f3_as_produc    3   11[BANK0 ] unsigned um
  sign            1   15[BANK0 ] unsigned char 
  cntr            1   14[BANK0 ] unsigned char 
  exp             1   10[BANK0 ] unsigned char 
 Return value:  Size  Location     Type
                  3    0[BANK0 ] float 
 Registers used:
		wreg, status,2, status,0, pclath, cstack
 Tracked objects:
		On entry : 
		On exit  : 
		Unchanged: 
 Data sizes:     COMMON   BANK0   BANK1
      Params:         0       6       0
      Locals:         0       6       0
      Temps:          0       4       0
      Totals:         0      16       0
Total ram usage:       16 bytes
 Hardware stack levels used:    1
 Hardware stack levels required when called:    1
 This function calls:
		___ftpack
 This function is called by:
		_pwmGenerator
 This function uses a non-reentrant model


 *************** function ___ftdiv *****************
 Defined at:
		line 56 in file "/Applications/microchip/xc8/v1.41/sources/common/ftdiv.c"
 Parameters:    Size  Location     Type
  f2              3   16[BANK0 ] float 
  f1              3   19[BANK0 ] float 
 Auto vars:     Size  Location     Type
  f3              3   27[BANK0 ] float 
  sign            1   31[BANK0 ] unsigned char 
  exp             1   30[BANK0 ] unsigned char 
  cntr            1   26[BANK0 ] unsigned char 
 Return value:  Size  Location     Type
                  3   16[BANK0 ] float 
 Registers used:
		wreg, status,2, status,0, pclath, cstack
 Tracked objects:
		On entry : 
		On exit  : 
		Unchanged: 
 Data sizes:     COMMON   BANK0   BANK1
      Params:         0       6       0
      Locals:         0       6       0
      Temps:          0       4       0
      Totals:         0      16       0
Total ram usage:       16 bytes
 Hardware stack levels used:    1
 Hardware stack levels required when called:    1
 This function calls:
		___ftpack
 This function is called by:
		_main
		_pwmGenerator
 This function uses a non-reentrant model


 *************** function ___ftadd *****************
 Defined at:
		line 86 in file "/Applications/microchip/xc8/v1.41/sources/common/ftadd.c"
 Parameters:    Size  Location     Type
  f1              3   32[BANK0 ] float 
  f2              3   35[BANK0 ] float 
 Auto vars:     Size  Location     Type
  exp1            1   44[BANK0 ] unsigned char 
  exp2            1   43[BANK0 ] unsigned char 
  sign            1   42[BANK0 ] unsigned char 
 Return value:  Size  Location     Type
                  3   32[BANK0 ] float 
 Registers used:
		wreg, status,2, status,0, pclath, cstack
 Tracked objects:
		On entry : 
		On exit  : 
		Unchanged: 
 Data sizes:     COMMON   BANK0   BANK1
      Params:         0       6       0
      Locals:         0       3       0
      Temps:          0       4       0
      Totals:         0      13       0
Total ram usage:       13 bytes
 Hardware stack levels used:    1
 Hardware stack levels required when called:    1
 This function calls:
		___ftpack
 This function is called by:
		_pwmGenerator
 This function uses a non-reentrant model


 *************** function ___awtoft *****************
 Defined at:
		line 32 in file "/Applications/microchip/xc8/v1.41/sources/common/awtoft.c"
 Parameters:    Size  Location     Type
  c               2    8[COMMON] int 
 Auto vars:     Size  Location     Type
  sign            1   13[COMMON] unsigned char 
 Return value:  Size  Location     Type
                  3    8[COMMON] float 
 Registers used:
		wreg, status,2, status,0, pclath, cstack
 Tracked objects:
		On entry : 
		On exit  : 
		Unchanged: 
 Data sizes:     COMMON   BANK0   BANK1
      Params:         3       0       0
      Locals:         1       0       0
      Temps:          2       0       0
      Totals:         6       0       0
Total ram usage:        6 bytes
 Hardware stack levels used:    1
 Hardware stack levels required when called:    1
 This function calls:
		___ftpack
 This function is called by:
		_pwmGenerator
 This function uses a non-reentrant model


 *************** function _init *****************
 Defined at:
		line 97 in file "main.c"
 Parameters:    Size  Location     Type
		None
 Auto vars:     Size  Location     Type
		None
 Return value:  Size  Location     Type
                  1    wreg      void 
 Registers used:
		wreg, status,2
 Tracked objects:
		On entry : 
		On exit  : 
		Unchanged: 
 Data sizes:     COMMON   BANK0   BANK1
      Params:         0       0       0
      Locals:         0       0       0
      Temps:          0       0       0
      Totals:         0       0       0
Total ram usage:        0 bytes
 Hardware stack levels used:    1
 This function calls:
		Nothing
 This function is called by:
		_main
 This function uses a non-reentrant model


 *************** function ___wmul *****************
 Defined at:
		line 15 in file "/Applications/microchip/xc8/v1.41/sources/common/Umul16.c"
 Parameters:    Size  Location     Type
  multiplier      2    0[COMMON] unsigned int 
  multiplicand    2    2[COMMON] unsigned int 
 Auto vars:     Size  Location     Type
  product         2    4[COMMON] unsigned int 
 Return value:  Size  Location     Type
                  2    0[COMMON] unsigned int 
 Registers used:
		wreg, status,2, status,0
 Tracked objects:
		On entry : 
		On exit  : 
		Unchanged: 
 Data sizes:     COMMON   BANK0   BANK1
      Params:         4       0       0
      Locals:         2       0       0
      Temps:          0       0       0
      Totals:         6       0       0
Total ram usage:        6 bytes
 Hardware stack levels used:    1
 This function calls:
		Nothing
 This function is called by:
		_main
 This function uses a non-reentrant model


 *************** function ___lwtoft *****************
 Defined at:
		line 28 in file "/Applications/microchip/xc8/v1.41/sources/common/lwtoft.c"
 Parameters:    Size  Location     Type
  c               2    8[COMMON] unsigned int 
 Auto vars:     Size  Location     Type
		None
 Return value:  Size  Location     Type
                  3    8[COMMON] float 
 Registers used:
		wreg, status,2, status,0, pclath, cstack
 Tracked objects:
		On entry : 
		On exit  : 
		Unchanged: 
 Data sizes:     COMMON   BANK0   BANK1
      Params:         3       0       0
      Locals:         0       0       0
      Temps:          1       0       0
      Totals:         4       0       0
Total ram usage:        4 bytes
 Hardware stack levels used:    1
 Hardware stack levels required when called:    1
 This function calls:
		___ftpack
 This function is called by:
		_main
 This function uses a non-reentrant model


 *************** function ___ftpack *****************
 Defined at:
		line 62 in file "/Applications/microchip/xc8/v1.41/sources/common/float.c"
 Parameters:    Size  Location     Type
  arg             3    0[COMMON] unsigned um
  exp             1    3[COMMON] unsigned char 
  sign            1    4[COMMON] unsigned char 
 Auto vars:     Size  Location     Type
		None
 Return value:  Size  Location     Type
                  3    0[COMMON] float 
 Registers used:
		wreg, status,2, status,0
 Tracked objects:
		On entry : 
		On exit  : 
		Unchanged: 
 Data sizes:     COMMON   BANK0   BANK1
      Params:         5       0       0
      Locals:         0       0       0
      Temps:          3       0       0
      Totals:         8       0       0
Total ram usage:        8 bytes
 Hardware stack levels used:    1
 This function calls:
		Nothing
 This function is called by:
		___awtoft
		___ftadd
		___ftdiv
		___ftmul
		___lwtoft
 This function uses a non-reentrant model



MODULE INFORMATION

Module		Function		Class		Link	Load	Size
/Applications/microchip/xc8/v1.41/sources/common/float.c
		___ftpack      		CODE           	027A	0000	109

/Applications/microchip/xc8/v1.41/sources/common/float.c estimated size: 109

/Applications/microchip/xc8/v1.41/sources/common/Umul16.c
		___wmul        		CODE           	0259	0000	34

/Applications/microchip/xc8/v1.41/sources/common/Umul16.c estimated size: 34

/Applications/microchip/xc8/v1.41/sources/common/ftmul.c
		___ftmul       		CODE           	04A3	0000	208

/Applications/microchip/xc8/v1.41/sources/common/ftmul.c estimated size: 208

/Applications/microchip/xc8/v1.41/sources/common/ftdiv.c
		___ftdiv       		CODE           	03EF	0000	181

/Applications/microchip/xc8/v1.41/sources/common/ftdiv.c estimated size: 181

shared
		__initialization		CODE           	07FC	0000	3

shared estimated size: 3

/Applications/microchip/xc8/v1.41/sources/common/awtoft.c
		___awtoft      		CODE           	023A	0000	32

/Applications/microchip/xc8/v1.41/sources/common/awtoft.c estimated size: 32

/Applications/microchip/xc8/v1.41/sources/common/fttol.c
		___fttol       		CODE           	0362	0000	142

/Applications/microchip/xc8/v1.41/sources/common/fttol.c estimated size: 142

main.c
		_init          		CODE           	0224	0000	23
		_main          		CODE           	02E6	0000	125
		_pwmGenerator  		CODE           	0677	0000	390

main.c estimated size: 538

/Applications/microchip/xc8/v1.41/sources/common/ftadd.c
		___ftadd       		CODE           	0572	0000	262

/Applications/microchip/xc8/v1.41/sources/common/ftadd.c estimated size: 262

/Applications/microchip/xc8/v1.41/sources/common/lwtoft.c
		___lwtoft      		CODE           	0212	0000	19

/Applications/microchip/xc8/v1.41/sources/common/lwtoft.c estimated size: 19

