Microchip MPLAB XC8 Compiler V1.41 ()

Linker command line:

-W-3 --edf=/Applications/microchip/xc8/v1.41/dat/en_msgs.txt -cs \
  -h+dist/default/production/Beethovan.X.production.sym \
  --cmf=dist/default/production/Beethovan.X.production.cmf -z -Q12F683 \
  -o/tmp/xclpQEFH9 -Mdist/default/production/Beethovan.X.production.map -E1 \
  -ver=XC8 -ASTACK=0A7h-0bfh -pstack=STACK -ACODE=00h-07FFh \
  -ASTRCODE=00h-07FFh -ASTRING=00h-0FFhx8 -ACONST=00h-0FFhx8 \
  -AENTRY=00h-0FFhx8 -ACOMMON=070h-07Fh -ABANK0=020h-06Fh -ABANK1=0A0h-0BFh \
  -ARAM=020h-06Fh,0A0h-0BFh -AABS1=020h-07Fh,0A0h-0BFh -ASFR0=00h-01Fh \
  -ASFR1=080h-09Fh -preset_vec=00h,intentry,init,end_init -ppowerup=CODE \
  -pcinit=CODE -pfunctab=CODE -ACONFIG=02007h-02007h -pconfig=CONFIG \
  -DCONFIG=2 -AIDLOC=02000h-02003h -pidloc=IDLOC -DIDLOC=2 \
  -AEEDATA=00h-0FFh/02100h -peeprom_data=EEDATA -DEEDATA=2 -DCODE=2 \
  -DSTRCODE=2 -DSTRING=2 -DCONST=2 -DENTRY=2 -k /tmp/xcMe3Ngmi.obj \
  dist/default/production/Beethovan.X.production.obj 

Object code version is 3.11

Machine type is 12F683



                Name                               Link     Load   Length Selector   Space Scale
/tmp/xcMe3Ngmi.obj
                end_init                              0        0        1        0       0
                config                             2007     2007        1     400E       0
dist/default/production/Beethovan.X.production.obj
                cinit                               7FC      7FC        4      FF8       0
                text11                               C4       C4       6C      188       0
                text10                               24       24       12       48       0
                text9                                36       36       16       6C       0
                text8                                6B       6B       59       D6       0
                text7                                4C       4C       1F       98       0
                text6                               444      444      105      888       0
                text5                               1BD      1BD       B4      37A       0
                text4                               271      271       CF      4E2       0
                text3                               130      130       8D      260       0
                text2                               340      340      104      680       0
                text1                               549      549      119      A92       0
                maintext                            662      662      19A      CC4       0
                cstackBANK0                          20       20       50       20       1
                cstackCOMMON                         70       70        E       70       1
                cstackBANK1                          A0       A0        6       A0       1
                bitbssBANK1                         530       A6        1       A0       1     8

TOTAL           Name                               Link     Load   Length     Space
        CLASS   STACK          

        CLASS   CODE           
                end_init                              0        0        1         0
                cinit                               7FC      7FC        4         0
                text11                               C4       C4       6C         0
                text10                               24       24       12         0
                text9                                36       36       16         0
                text8                                6B       6B       59         0
                text7                                4C       4C       1F         0
                text6                               444      444      105         0
                text5                               1BD      1BD       B4         0
                text4                               271      271       CF         0
                text3                               130      130       8D         0
                text2                               340      340      104         0
                text1                               549      549      119         0
                maintext                            662      662      19A         0

        CLASS   STRCODE        

        CLASS   STRING         

        CLASS   CONST          

        CLASS   ENTRY          

        CLASS   COMMON         
                cstackCOMMON                         70       70        E         1

        CLASS   BANK0          
                cstackBANK0                          20       20       50         1

        CLASS   BANK1          
                cstackBANK1                          A0       A0        6         1
                bitbssBANK1                         530       A6        1         1

        CLASS   RAM            

        CLASS   ABS1           
                abs_s1                               7E       7E        2         1

        CLASS   SFR0           

        CLASS   SFR1           

        CLASS   CONFIG         
                config                             2007     2007        1         0

        CLASS   IDLOC          

        CLASS   EEDATA         



SEGMENTS        Name                           Load    Length   Top    Selector   Space  Class     Delta

                reset_vec                      000000  000001  000001         0       0  CODE        2
                cstackBANK0                    000020  000050  000070        20       1  BANK0       1
                text10                         000024  000012  000036        48       0  CODE        2
                text9                          000036  000016  00004C        6C       0  CODE        2
                cstackCOMMON                   000070  00000E  00007E        70       1  COMMON      1
                text7                          00004C  00001F  00006B        98       0  CODE        2
                cstackBANK1                    0000A0  000007  0000A7        A0       1  BANK1       1
                text8                          00006B  000059  0000C4        D6       0  CODE        2
                text11                         0000C4  00006C  000130       188       0  CODE        2
                text3                          000130  00008D  0001BD       260       0  CODE        2
                text5                          0001BD  0000B4  000271       37A       0  CODE        2
                text4                          000271  0000CF  000340       4E2       0  CODE        2
                text2                          000340  000104  000444       680       0  CODE        2
                text6                          000444  000105  000549       888       0  CODE        2
                text1                          000549  000119  000662       A92       0  CODE        2
                maintext                       000662  00019A  0007FC       CC4       0  CODE        2
                cinit                          0007FC  000004  000800       FF8       0  CODE        2
                config                         002007  000001  002008      400E       0  CONFIG      2


UNUSED ADDRESS RANGES

        Name                Unused          Largest block    Delta
        BANK1            00A7-00BF             19           1
        CODE             0001-0023             23           2
        CONST            0001-0023             23           2
        EEDATA           2100-21FF            100           2
        ENTRY            0001-0023             23           2
        IDLOC            2000-2003              4           2
        RAM              00A7-00BF             19           1
        SFR0             0000-001F             20           1
        SFR1             0080-009F             20           1
        STACK            00A7-00BF             19           1
        STRCODE          0001-0023             23           2
        STRING           0001-0023             23           2

                                  Symbol Table

?___awdiv                cstackCOMMON 0070
?___awtoft               cstackCOMMON 0078
?___ftadd                cstackBANK0  0040
?___ftdiv                cstackBANK0  0030
?___ftmul                cstackBANK0  0020
?___ftpack               cstackCOMMON 0070
?___fttol                cstackBANK0  004D
?___lwtoft               cstackCOMMON 0078
_ADCON0                  (abs)        001F
_ANSEL                   (abs)        009F
_CCP1CON                 (abs)        0015
_CCPR1L                  (abs)        0013
_CMCON0                  (abs)        0019
_GPIO                    (abs)        0005
_OSCCON                  (abs)        008F
_PR2                     (abs)        0092
_T1CON                   (abs)        0010
_T1GSS                   (abs)        00D1
_T2CON                   (abs)        0012
_TMR1H                   (abs)        000F
_TMR1L                   (abs)        000E
_TRISIO                  (abs)        0085
_WPU                     (abs)        0095
__CFG_BOREN$OFF          (abs)        0000
__CFG_CP$OFF             (abs)        0000
__CFG_CPD$OFF            (abs)        0000
__CFG_FCMEN$OFF          (abs)        0000
__CFG_FOSC$INTOSCIO      (abs)        0000
__CFG_IESO$OFF           (abs)        0000
__CFG_MCLRE$OFF          (abs)        0000
__CFG_PWRTE$OFF          (abs)        0000
__CFG_WDTE$OFF           (abs)        0000
__Habs1                  abs1         0000
__Hbank0                 bank0        0000
__Hbank1                 bank1        0000
__HbitbssBANK1           bitbssBANK1  0000
__Hcinit                 cinit        0800
__Hclrtext               clrtext      0000
__Hcode                  code         0000
__Hcommon                common       0000
__Hconfig                config       2008
__HcstackBANK0           cstackBANK0  0000
__HcstackBANK1           cstackBANK1  0000
__HcstackCOMMON          cstackCOMMON 0000
__Heeprom_data           eeprom_data  0000
__Hend_init              end_init     0001
__Hfunctab               functab      0000
__Hidloc                 idloc        0000
__Hinit                  init         0000
__Hintentry              intentry     0000
__Hmaintext              maintext     0000
__Hpowerup               powerup      0000
__Hram                   ram          0000
__Hreset_vec             reset_vec    0000
__Hsfr0                  sfr0         0000
__Hsfr1                  sfr1         0000
__Hspace_0               (abs)        2008
__Hspace_1               (abs)        0531
__Hspace_2               (abs)        0000
__Hspace_3               (abs)        0000
__Hstack                 stack        0000
__Hstrings               strings      0000
__Htext                  text         0000
__Labs1                  abs1         0000
__Lbank0                 bank0        0000
__Lbank1                 bank1        0000
__LbitbssBANK1           bitbssBANK1  0000
__Lcinit                 cinit        07FC
__Lclrtext               clrtext      0000
__Lcode                  code         0000
__Lcommon                common       0000
__Lconfig                config       2007
__LcstackBANK0           cstackBANK0  0000
__LcstackBANK1           cstackBANK1  0000
__LcstackCOMMON          cstackCOMMON 0000
__Leeprom_data           eeprom_data  0000
__Lend_init              end_init     0000
__Lfunctab               functab      0000
__Lidloc                 idloc        0000
__Linit                  init         0000
__Lintentry              intentry     0000
__Lmaintext              maintext     0000
__Lpowerup               powerup      0000
__Lram                   ram          0000
__Lreset_vec             reset_vec    0000
__Lsfr0                  sfr0         0000
__Lsfr1                  sfr1         0000
__Lspace_0               (abs)        0000
__Lspace_1               (abs)        0000
__Lspace_2               (abs)        0000
__Lspace_3               (abs)        0000
__Lstack                 stack        0000
__Lstrings               strings      0000
__Ltext                  text         0000
__S0                     (abs)        2008
__S1                     (abs)        00A7
__S2                     (abs)        0000
__S3                     (abs)        0000
___awdiv                 text8        006B
___awdiv@counter         cstackCOMMON 0075
___awdiv@dividend        cstackCOMMON 0072
___awdiv@divisor         cstackCOMMON 0070
___awdiv@quotient        cstackCOMMON 0077
___awdiv@sign            cstackCOMMON 0076
___awtoft                text7        004C
___awtoft@c              cstackCOMMON 0078
___awtoft@sign           cstackCOMMON 007D
___ftadd                 text6        0444
___ftadd@exp1            cstackBANK0  004C
___ftadd@exp2            cstackBANK0  004B
___ftadd@f1              cstackBANK0  0040
___ftadd@f2              cstackBANK0  0043
___ftadd@sign            cstackBANK0  004A
___ftdiv                 text5        01BD
___ftdiv@cntr            cstackBANK0  003A
___ftdiv@exp             cstackBANK0  003E
___ftdiv@f1              cstackBANK0  0033
___ftdiv@f2              cstackBANK0  0030
___ftdiv@f3              cstackBANK0  003B
___ftdiv@sign            cstackBANK0  003F
___ftmul                 text4        0271
___ftmul@cntr            cstackBANK0  002E
___ftmul@exp             cstackBANK0  002A
___ftmul@f1              cstackBANK0  0020
___ftmul@f2              cstackBANK0  0023
___ftmul@f3_as_product   cstackBANK0  002B
___ftmul@sign            cstackBANK0  002F
___ftpack                text11       00C4
___ftpack@arg            cstackCOMMON 0070
___ftpack@exp            cstackCOMMON 0073
___ftpack@sign           cstackCOMMON 0074
___fttol                 text3        0130
___fttol@exp1            cstackBANK0  005A
___fttol@f1              cstackBANK0  004D
___fttol@lval            cstackBANK0  0056
___fttol@sign1           cstackBANK0  0055
___int_sp                stack        0000
___latbits               (abs)        0000
___lwtoft                text10       0024
___lwtoft@c              cstackCOMMON 0078
___sp                    stack        0000
__end_of___awdiv         text8        00C4
__end_of___awtoft        text7        006B
__end_of___ftadd         text6        0549
__end_of___ftdiv         text5        0271
__end_of___ftmul         text4        0340
__end_of___ftpack        text11       0130
__end_of___fttol         text3        01BD
__end_of___lwtoft        text10       0036
__end_of__initialization cinit        07FE
__end_of_init            text9        004C
__end_of_main            maintext     07FC
__end_of_playIntro       text1        0662
__end_of_pwmGenerator    text2        0444
__initialization         cinit        07FC
__pbitbssBANK1           bitbssBANK1  0530
__pcstackBANK0           cstackBANK0  0020
__pcstackBANK1           cstackBANK1  00A0
__pcstackCOMMON          cstackCOMMON 0070
__pmaintext              maintext     0662
__ptext1                 text1        0549
__ptext10                text10       0024
__ptext11                text11       00C4
__ptext2                 text2        0340
__ptext3                 text3        0130
__ptext4                 text4        0271
__ptext5                 text5        01BD
__ptext6                 text6        0444
__ptext7                 text7        004C
__ptext8                 text8        006B
__ptext9                 text9        0036
__size_of___awdiv        (abs)        0000
__size_of___awtoft       (abs)        0000
__size_of___ftadd        (abs)        0000
__size_of___ftdiv        (abs)        0000
__size_of___ftmul        (abs)        0000
__size_of___ftpack       (abs)        0000
__size_of___fttol        (abs)        0000
__size_of___lwtoft       (abs)        0000
__size_of_init           (abs)        0000
__size_of_main           (abs)        0000
__size_of_playIntro      (abs)        0000
__size_of_pwmGenerator   (abs)        0000
_init                    text9        0036
_main                    maintext     0662
_playIntro               text1        0549
_pwmGenerator            text2        0340
_pwmGenerator$445        cstackBANK0  005F
btemp                    (abs)        007E
end_of_initialization    cinit        07FE
intlevel0                functab      0000
intlevel1                functab      0000
intlevel2                functab      0000
intlevel3                functab      0000
intlevel4                functab      0000
intlevel5                functab      0000
main@dist                cstackBANK0  006F
main@pulse_width         cstackBANK0  006D
pwmGenerator@ccp         cstackBANK0  0066
pwmGenerator@freq        cstackBANK0  005B
pwmGenerator@lsb         cstackBANK0  0062
pwmGenerator@pr2         cstackBANK0  0064
pwmGenerator@scaler      cstackBANK0  0068
reset_vec                reset_vec    0000
stackhi                  (abs)        0000
stacklo                  (abs)        0000
start                    init         0000
start_initialization     cinit        07FC
wtemp0                   (abs)        007E


FUNCTION INFORMATION:

 *************** function _main *****************
 Defined at:
		line 51 in file "main.c"
 Parameters:    Size  Location     Type
		None
 Auto vars:     Size  Location     Type
  pulse_width     2   77[BANK0 ] unsigned int 
  dist            1   79[BANK0 ] unsigned char 
 Return value:  Size  Location     Type
                  1    wreg      void 
 Registers used:
		wreg, fsr0l, fsr0h, status,2, status,0, btemp+1, pclath, cstack
 Tracked objects:
		On entry : 
		On exit  : 
		Unchanged: 
 Data sizes:     COMMON   BANK0   BANK1
      Params:         0       0       0
      Locals:         0       3       0
      Temps:          0       0       6
      Totals:         0       3       6
Total ram usage:        9 bytes
 Hardware stack levels required when called:    4
 This function calls:
		___awdiv
		___ftdiv
		___fttol
		___lwtoft
		_init
		_playIntro
		_pwmGenerator
 This function is called by:
		Startup code after reset
 This function uses a non-reentrant model


 *************** function _playIntro *****************
 Defined at:
		line 123 in file "main.c"
 Parameters:    Size  Location     Type
		None
 Auto vars:     Size  Location     Type
		None
 Return value:  Size  Location     Type
                  1    wreg      void 
 Registers used:
		wreg, fsr0l, fsr0h, status,2, status,0, btemp+1, pclath, cstack
 Tracked objects:
		On entry : 
		On exit  : 
		Unchanged: 
 Data sizes:     COMMON   BANK0   BANK1
      Params:         0       0       0
      Locals:         0       0       0
      Temps:          0       3       0
      Totals:         0       3       0
Total ram usage:        3 bytes
 Hardware stack levels used:    1
 Hardware stack levels required when called:    3
 This function calls:
		_pwmGenerator
 This function is called by:
		_main
 This function uses a non-reentrant model


 *************** function _pwmGenerator *****************
 Defined at:
		line 177 in file "main.c"
 Parameters:    Size  Location     Type
  freq            2   59[BANK0 ] int 
 Auto vars:     Size  Location     Type
  lsb             2   66[BANK0 ] int 
  scaler          2   72[BANK0 ] int 
  ccp             2   70[BANK0 ] int 
  pr2             2   68[BANK0 ] int 
 Return value:  Size  Location     Type
                  2   59[BANK0 ] int 
 Registers used:
		wreg, fsr0l, fsr0h, status,2, status,0, btemp+1, pclath, cstack
 Tracked objects:
		On entry : 
		On exit  : 
		Unchanged: 
 Data sizes:     COMMON   BANK0   BANK1
      Params:         0       2       0
      Locals:         0      11       0
      Temps:          0       2       0
      Totals:         0      15       0
Total ram usage:       15 bytes
 Hardware stack levels used:    1
 Hardware stack levels required when called:    2
 This function calls:
		___awdiv
		___awtoft
		___ftadd
		___ftdiv
		___ftmul
		___fttol
 This function is called by:
		_main
		_playIntro
 This function uses a non-reentrant model


 *************** function ___fttol *****************
 Defined at:
		line 44 in file "/Applications/microchip/xc8/v1.41/sources/common/fttol.c"
 Parameters:    Size  Location     Type
  f1              3   45[BANK0 ] float 
 Auto vars:     Size  Location     Type
  lval            4   54[BANK0 ] unsigned long 
  exp1            1   58[BANK0 ] unsigned char 
  sign1           1   53[BANK0 ] unsigned char 
 Return value:  Size  Location     Type
                  4   45[BANK0 ] long 
 Registers used:
		wreg, status,2, status,0
 Tracked objects:
		On entry : 
		On exit  : 
		Unchanged: 
 Data sizes:     COMMON   BANK0   BANK1
      Params:         0       4       0
      Locals:         0       6       0
      Temps:          0       4       0
      Totals:         0      14       0
Total ram usage:       14 bytes
 Hardware stack levels used:    1
 This function calls:
		Nothing
 This function is called by:
		_main
		_pwmGenerator
 This function uses a non-reentrant model


 *************** function ___ftmul *****************
 Defined at:
		line 62 in file "/Applications/microchip/xc8/v1.41/sources/common/ftmul.c"
 Parameters:    Size  Location     Type
  f1              3    0[BANK0 ] float 
  f2              3    3[BANK0 ] float 
 Auto vars:     Size  Location     Type
  f3_as_produc    3   11[BANK0 ] unsigned um
  sign            1   15[BANK0 ] unsigned char 
  cntr            1   14[BANK0 ] unsigned char 
  exp             1   10[BANK0 ] unsigned char 
 Return value:  Size  Location     Type
                  3    0[BANK0 ] float 
 Registers used:
		wreg, status,2, status,0, pclath, cstack
 Tracked objects:
		On entry : 
		On exit  : 
		Unchanged: 
 Data sizes:     COMMON   BANK0   BANK1
      Params:         0       6       0
      Locals:         0       6       0
      Temps:          0       4       0
      Totals:         0      16       0
Total ram usage:       16 bytes
 Hardware stack levels used:    1
 Hardware stack levels required when called:    1
 This function calls:
		___ftpack
 This function is called by:
		_pwmGenerator
 This function uses a non-reentrant model


 *************** function ___ftdiv *****************
 Defined at:
		line 56 in file "/Applications/microchip/xc8/v1.41/sources/common/ftdiv.c"
 Parameters:    Size  Location     Type
  f2              3   16[BANK0 ] float 
  f1              3   19[BANK0 ] float 
 Auto vars:     Size  Location     Type
  f3              3   27[BANK0 ] float 
  sign            1   31[BANK0 ] unsigned char 
  exp             1   30[BANK0 ] unsigned char 
  cntr            1   26[BANK0 ] unsigned char 
 Return value:  Size  Location     Type
                  3   16[BANK0 ] float 
 Registers used:
		wreg, status,2, status,0, pclath, cstack
 Tracked objects:
		On entry : 
		On exit  : 
		Unchanged: 
 Data sizes:     COMMON   BANK0   BANK1
      Params:         0       6       0
      Locals:         0       6       0
      Temps:          0       4       0
      Totals:         0      16       0
Total ram usage:       16 bytes
 Hardware stack levels used:    1
 Hardware stack levels required when called:    1
 This function calls:
		___ftpack
 This function is called by:
		_main
		_pwmGenerator
 This function uses a non-reentrant model


 *************** function ___ftadd *****************
 Defined at:
		line 86 in file "/Applications/microchip/xc8/v1.41/sources/common/ftadd.c"
 Parameters:    Size  Location     Type
  f1              3   32[BANK0 ] float 
  f2              3   35[BANK0 ] float 
 Auto vars:     Size  Location     Type
  exp1            1   44[BANK0 ] unsigned char 
  exp2            1   43[BANK0 ] unsigned char 
  sign            1   42[BANK0 ] unsigned char 
 Return value:  Size  Location     Type
                  3   32[BANK0 ] float 
 Registers used:
		wreg, status,2, status,0, pclath, cstack
 Tracked objects:
		On entry : 
		On exit  : 
		Unchanged: 
 Data sizes:     COMMON   BANK0   BANK1
      Params:         0       6       0
      Locals:         0       3       0
      Temps:          0       4       0
      Totals:         0      13       0
Total ram usage:       13 bytes
 Hardware stack levels used:    1
 Hardware stack levels required when called:    1
 This function calls:
		___ftpack
 This function is called by:
		_pwmGenerator
 This function uses a non-reentrant model


 *************** function ___awtoft *****************
 Defined at:
		line 32 in file "/Applications/microchip/xc8/v1.41/sources/common/awtoft.c"
 Parameters:    Size  Location     Type
  c               2    8[COMMON] int 
 Auto vars:     Size  Location     Type
  sign            1   13[COMMON] unsigned char 
 Return value:  Size  Location     Type
                  3    8[COMMON] float 
 Registers used:
		wreg, status,2, status,0, pclath, cstack
 Tracked objects:
		On entry : 
		On exit  : 
		Unchanged: 
 Data sizes:     COMMON   BANK0   BANK1
      Params:         3       0       0
      Locals:         1       0       0
      Temps:          2       0       0
      Totals:         6       0       0
Total ram usage:        6 bytes
 Hardware stack levels used:    1
 Hardware stack levels required when called:    1
 This function calls:
		___ftpack
 This function is called by:
		_pwmGenerator
 This function uses a non-reentrant model


 *************** function ___awdiv *****************
 Defined at:
		line 6 in file "/Applications/microchip/xc8/v1.41/sources/common/awdiv.c"
 Parameters:    Size  Location     Type
  divisor         2    0[COMMON] int 
  dividend        2    2[COMMON] int 
 Auto vars:     Size  Location     Type
  quotient        2    7[COMMON] int 
  sign            1    6[COMMON] unsigned char 
  counter         1    5[COMMON] unsigned char 
 Return value:  Size  Location     Type
                  2    0[COMMON] int 
 Registers used:
		wreg, status,2, status,0
 Tracked objects:
		On entry : 
		On exit  : 
		Unchanged: 
 Data sizes:     COMMON   BANK0   BANK1
      Params:         4       0       0
      Locals:         4       0       0
      Temps:          1       0       0
      Totals:         9       0       0
Total ram usage:        9 bytes
 Hardware stack levels used:    1
 This function calls:
		Nothing
 This function is called by:
		_main
		_pwmGenerator
 This function uses a non-reentrant model


 *************** function _init *****************
 Defined at:
		line 156 in file "main.c"
 Parameters:    Size  Location     Type
		None
 Auto vars:     Size  Location     Type
		None
 Return value:  Size  Location     Type
                  1    wreg      void 
 Registers used:
		wreg, status,2
 Tracked objects:
		On entry : 
		On exit  : 
		Unchanged: 
 Data sizes:     COMMON   BANK0   BANK1
      Params:         0       0       0
      Locals:         0       0       0
      Temps:          0       0       0
      Totals:         0       0       0
Total ram usage:        0 bytes
 Hardware stack levels used:    1
 This function calls:
		Nothing
 This function is called by:
		_main
 This function uses a non-reentrant model


 *************** function ___lwtoft *****************
 Defined at:
		line 28 in file "/Applications/microchip/xc8/v1.41/sources/common/lwtoft.c"
 Parameters:    Size  Location     Type
  c               2    8[COMMON] unsigned int 
 Auto vars:     Size  Location     Type
		None
 Return value:  Size  Location     Type
                  3    8[COMMON] float 
 Registers used:
		wreg, status,2, status,0, pclath, cstack
 Tracked objects:
		On entry : 
		On exit  : 
		Unchanged: 
 Data sizes:     COMMON   BANK0   BANK1
      Params:         3       0       0
      Locals:         0       0       0
      Temps:          1       0       0
      Totals:         4       0       0
Total ram usage:        4 bytes
 Hardware stack levels used:    1
 Hardware stack levels required when called:    1
 This function calls:
		___ftpack
 This function is called by:
		_main
 This function uses a non-reentrant model


 *************** function ___ftpack *****************
 Defined at:
		line 62 in file "/Applications/microchip/xc8/v1.41/sources/common/float.c"
 Parameters:    Size  Location     Type
  arg             3    0[COMMON] unsigned um
  exp             1    3[COMMON] unsigned char 
  sign            1    4[COMMON] unsigned char 
 Auto vars:     Size  Location     Type
		None
 Return value:  Size  Location     Type
                  3    0[COMMON] float 
 Registers used:
		wreg, status,2, status,0
 Tracked objects:
		On entry : 
		On exit  : 
		Unchanged: 
 Data sizes:     COMMON   BANK0   BANK1
      Params:         5       0       0
      Locals:         0       0       0
      Temps:          3       0       0
      Totals:         8       0       0
Total ram usage:        8 bytes
 Hardware stack levels used:    1
 This function calls:
		Nothing
 This function is called by:
		___awtoft
		___ftadd
		___ftdiv
		___ftmul
		___lwtoft
 This function uses a non-reentrant model



MODULE INFORMATION

Module		Function		Class		Link	Load	Size
/Applications/microchip/xc8/v1.41/sources/common/float.c
		___ftpack      		CODE           	00C4	0000	109

/Applications/microchip/xc8/v1.41/sources/common/float.c estimated size: 109

/Applications/microchip/xc8/v1.41/sources/common/ftmul.c
		___ftmul       		CODE           	0271	0000	208

/Applications/microchip/xc8/v1.41/sources/common/ftmul.c estimated size: 208

/Applications/microchip/xc8/v1.41/sources/common/ftdiv.c
		___ftdiv       		CODE           	01BD	0000	181

/Applications/microchip/xc8/v1.41/sources/common/ftdiv.c estimated size: 181

shared
		__initialization		CODE           	07FC	0000	3

shared estimated size: 3

/Applications/microchip/xc8/v1.41/sources/common/awdiv.c
		___awdiv       		CODE           	006B	0000	90

/Applications/microchip/xc8/v1.41/sources/common/awdiv.c estimated size: 90

/Applications/microchip/xc8/v1.41/sources/common/awtoft.c
		___awtoft      		CODE           	004C	0000	32

/Applications/microchip/xc8/v1.41/sources/common/awtoft.c estimated size: 32

/Applications/microchip/xc8/v1.41/sources/common/fttol.c
		___fttol       		CODE           	0130	0000	142

/Applications/microchip/xc8/v1.41/sources/common/fttol.c estimated size: 142

main.c
		_init          		CODE           	0036	0000	23
		_main          		CODE           	0662	0000	411
		_playIntro     		CODE           	0549	0000	282
		_pwmGenerator  		CODE           	0340	0000	261

main.c estimated size: 977

/Applications/microchip/xc8/v1.41/sources/common/ftadd.c
		___ftadd       		CODE           	0444	0000	262

/Applications/microchip/xc8/v1.41/sources/common/ftadd.c estimated size: 262

/Applications/microchip/xc8/v1.41/sources/common/lwtoft.c
		___lwtoft      		CODE           	0024	0000	19

/Applications/microchip/xc8/v1.41/sources/common/lwtoft.c estimated size: 19

